I'm sorry, but errors were detected in your script. Please correct the
errors listed below, and try again.


File "game/script.rpy", line 12: expected '=' not found.
    define walkie-talkie = Character('Переговоры по рации', color="#c4ffc1")
                 ^

Ren'Py Version: Ren'Py 8.3.7.25031702
Tue Apr  1 14:44:24 2025
